
> my-project@0.1.0 build
> NODE_ENV=production next build

  ▲ Next.js 14.2.35

   Creating an optimized production build ...
 ✓ Compiled successfully
   Skipping validation of types
   Linting ...
   Collecting page data ...
   Generating static pages (0/24) ...
   Generating static pages (6/24) 
   Generating static pages (12/24) 
   Generating static pages (18/24) 
 ✓ Generating static pages (24/24)
   Finalizing page optimization ...
   Collecting build traces ...

Route (app)                                                           Size     First Load JS
┌ ○ /                                                                 8.15 kB         156 kB
├ ○ /_not-found                                                       155 B          87.5 kB
├ ƒ /api/contact                                                      0 B                0 B
├ ƒ /api/indexnow                                                     0 B                0 B
├ ○ /blog                                                             990 B           131 kB
├ ● /blog/[slug]                                                      179 B          96.2 kB
├   ├ /blog/10-signs-your-business-website-is-losing-clients
├   ├ /blog/how-much-does-a-website-cost-in-south-africa
├   ├ /blog/the-ultimate-guide-to-creating-a-high-performing-website
├   └ [+2 more paths]
├ ○ /contact                                                          6.07 kB         127 kB
├ ○ /privacy                                                          979 B           122 kB
├ ○ /robots.txt                                                       0 B                0 B
├ ○ /services                                                         6.7 kB          136 kB
├ ○ /services/web-design                                              993 B           131 kB
├ ○ /services/web-development                                         993 B           131 kB
├ ○ /sitemap.xml                                                      0 B                0 B
├ ○ /studio                                                           2.54 kB         140 kB
├ ○ /terms                                                            979 B           122 kB
├ ○ /work                                                             2.71 kB         140 kB
└ ● /work/[slug]                                                      1.33 kB         139 kB
    ├ /work/obx-fash
    └ /work/ob-associates
+ First Load JS shared by all                                         87.3 kB
  ├ chunks/117-6817101bfb5149dd.js                                    31.7 kB
  ├ chunks/fd9d1056-af324d327b243cf1.js                               53.6 kB
  └ other shared chunks (total)                                       1.95 kB


○  (Static)   prerendered as static content
●  (SSG)      prerendered as static HTML (uses getStaticProps)
ƒ  (Dynamic)  server-rendered on demand

